---
source: crates/sui-swarm-config/tests/snapshot_tests.rs
expression: genesis.sui_system_object().into_genesis_version_for_tooling()
snapshot_kind: text
---
epoch: 0
protocol_version: 73
system_state_version: 1
validators:
  total_stake: 20000000000000000
  active_validators:
    - metadata:
        sui_address: "0x60307f36c284875bf298d4d85a673046648b1ac4b47e712e42ab10d57dd77a26"
        protocol_pubkey_bytes:
          - 153
          - 242
          - 94
          - 246
          - 31
          - 128
          - 50
          - 185
          - 20
          - 99
          - 100
          - 96
          - 152
          - 44
          - 92
          - 198
          - 241
          - 52
          - 239
          - 29
          - 218
          - 231
          - 102
          - 87
          - 242
          - 203
          - 254
          - 193
          - 235
          - 252
          - 141
          - 9
          - 115
          - 116
          - 8
          - 13
          - 246
          - 252
          - 240
          - 220
          - 184
          - 188
          - 75
          - 13
          - 142
          - 10
          - 245
          - 216
          - 14
          - 187
          - 255
          - 43
          - 76
          - 89
          - 159
          - 84
          - 244
          - 45
          - 99
          - 18
          - 223
          - 195
          - 20
          - 39
          - 96
          - 120
          - 193
          - 204
          - 52
          - 126
          - 187
          - 190
          - 197
          - 25
          - 139
          - 226
          - 88
          - 81
          - 63
          - 56
          - 107
          - 147
          - 13
          - 2
          - 194
          - 116
          - 154
          - 128
          - 62
          - 35
          - 48
          - 149
          - 94
          - 189
          - 26
          - 16
        network_pubkey_bytes:
          - 148
          - 228
          - 168
          - 73
          - 49
          - 68
          - 233
          - 230
          - 150
          - 32
          - 140
          - 190
          - 208
          - 2
          - 89
          - 230
          - 221
          - 181
          - 111
          - 151
          - 155
          - 145
          - 195
          - 41
          - 103
          - 86
          - 9
          - 133
          - 190
          - 97
          - 144
          - 155
        worker_pubkey_bytes:
          - 31
          - 42
          - 121
          - 1
          - 168
          - 66
          - 228
          - 211
          - 98
          - 59
          - 198
          - 28
          - 225
          - 193
          - 113
          - 125
          - 46
          - 118
          - 142
          - 15
          - 215
          - 45
          - 248
          - 52
          - 26
          - 245
          - 102
          - 21
          - 185
          - 22
          - 240
          - 56
        proof_of_possession_bytes:
          - 151
          - 191
          - 31
          - 245
          - 62
          - 131
          - 184
          - 23
          - 162
          - 33
          - 124
          - 71
          - 229
          - 10
          - 56
          - 179
          - 47
          - 67
          - 223
          - 65
          - 196
          - 125
          - 67
          - 111
          - 55
          - 104
          - 114
          - 157
          - 166
          - 146
          - 6
          - 104
          - 90
          - 214
          - 33
          - 36
          - 63
          - 93
          - 228
          - 221
          - 166
          - 7
          - 164
          - 61
          - 169
          - 219
          - 78
          - 19
        name: "0"
        description: ""
        image_url: ""
        project_url: ""
        net_address: /ip4/127.0.0.1/tcp/80
        p2p_address: /ip4/127.0.0.1/udp/80
        primary_address: /ip4/127.0.0.1/udp/80
        worker_address: /ip4/127.0.0.1/udp/80
        next_epoch_protocol_pubkey_bytes: ~
        next_epoch_proof_of_possession: ~
        next_epoch_network_pubkey_bytes: ~
        next_epoch_worker_pubkey_bytes: ~
        next_epoch_net_address: ~
        next_epoch_p2p_address: ~
        next_epoch_primary_address: ~
        next_epoch_worker_address: ~
        extra_fields:
          id:
            id: "0xaf7907d714c1efdb143e1edd6ee3f4861a08124ec9a89d9f024688b4f1ec976c"
          size: 0
      voting_power: 10000
      operation_cap_id: "0x1e2739549185c64c726c773753c6dd67b12582d70ecac8fa4e999bb236486fe7"
      gas_price: 1000
      staking_pool:
        id: "0xda54928a9c0f638d78334e23cde787ac9993cec7b965bb04b706b620d0fcc24b"
        activation_epoch: 0
        deactivation_epoch: ~
        sui_balance: 20000000000000000
        rewards_pool:
          value: 0
        pool_token_balance: 20000000000000000
        exchange_rates:
          id: "0xe56c2ab2ecab2f041f17b1e609fe4fbe7c2e9d2257b57dc422e382b3e62c3ede"
          size: 1
        pending_stake: 0
        pending_total_sui_withdraw: 0
        pending_pool_token_withdraw: 0
        extra_fields:
          id:
            id: "0xf4375886bbec1ab1ea489caba61e58cc5ce832e263f416d4d2e5dc9085d23af5"
          size: 0
      commission_rate: 200
      next_epoch_stake: 20000000000000000
      next_epoch_gas_price: 1000
      next_epoch_commission_rate: 200
      extra_fields:
        id:
          id: "0x49a718e19cee8fb12418e631f41ac4c10a6378f992346b82ada2047acd398e99"
        size: 0
  pending_active_validators:
    contents:
      id: "0xb5a98ec5e68336daefbb2a128c2d59c14c0a29c51633b48865776f1981ca33ef"
      size: 0
  pending_removals: []
  staking_pool_mappings:
    id: "0x5e8c8261c28d00e7d2596327d1c8dddb0af162f59c7a5e83eb7a2e4976b144ba"
    size: 1
  inactive_validators:
    id: "0x4c02a0707f9ed6068cfd6ab11cdf0340ad5f849945c0c5fa3d0d054d6d39e9a4"
    size: 0
  validator_candidates:
    id: "0x5139f9bf9f2cfe4e4fb8af7abca9ad2a0cabb0e6ccc957dde254c471b490092f"
    size: 0
  at_risk_validators:
    contents: []
  extra_fields:
    id:
      id: "0x49f2a44c759c198279be038aabab689dae4aad95d8093a68514023b038a732cc"
    size: 0
storage_fund:
  total_object_storage_rebates:
    value: 0
  non_refundable_balance:
    value: 0
parameters:
  epoch_duration_ms: 86400000
  stake_subsidy_start_epoch: 0
  max_validator_count: 150
  min_validator_joining_stake: 30000000000000000
  validator_low_stake_threshold: 20000000000000000
  validator_very_low_stake_threshold: 15000000000000000
  validator_low_stake_grace_period: 7
  extra_fields:
    id:
      id: "0x317a2838ad8f13193648f8ccca62aaf60b55598e2e852445688cd7ecd7f7cb5f"
    size: 0
reference_gas_price: 1000
validator_report_records:
  contents: []
stake_subsidy:
  balance:
    value: 9230000000000000000
  distribution_counter: 0
  current_distribution_amount: 1000000000000000
  stake_subsidy_period_length: 10
  stake_subsidy_decrease_rate: 1000
  extra_fields:
    id:
      id: "0x29ab2cc0a36a35dc8a963aeecb77021f723eebe23cd25b7f84e4c2be321030bb"
    size: 0
safe_mode: false
safe_mode_storage_rewards:
  value: 0
safe_mode_computation_rewards:
  value: 0
safe_mode_storage_rebates: 0
safe_mode_non_refundable_storage_fee: 0
epoch_start_timestamp_ms: 10
extra_fields:
  id:
    id: "0x5bd4fbba817e45614a5fce6d9d55a854cbe40eaabf2b0eefb2ad94da727d5a4a"
  size: 0
